
> @xiri/functions@1.0.0 build
> tsup

[34mCLI[39m Building entry: src/index.ts
[34mCLI[39m Using tsconfig: tsconfig.json
[34mCLI[39m tsup v8.5.1
[34mCLI[39m Using tsup config: K:\Repos\xiri-platform\packages\functions\tsup.config.ts
[34mCLI[39m Target: node18
[34mCLI[39m Cleaning output folder
[34mCJS[39m Build start

[43m[30m WARN [39m[49m [33m▲ [43;33m[[43;30mWARNING[43;33m][0m [1mThe condition "types" here will never be used as it comes after both "import" and "require"[0m [package.json]

    ../shared/package.json:12:12:
[37m      12 │             [32m"types"[37m: "./dist/index.d.ts"
         ╵             [32m~~~~~~~[0m

  The "import" condition comes earlier and will be used for all "import" statements:

    ../shared/package.json:10:12:
[37m      10 │             [32m"import"[37m: "./dist/index.mjs",
         ╵             [32m~~~~~~~~[0m

  The "require" condition comes earlier and will be used for all "require" calls:

    ../shared/package.json:11:12:
[37m      11 │             [32m"require"[37m: "./dist/index.js",
         ╵             [32m~~~~~~~~~[0m



[32mCJS[39m [1mlib\index.js     [22m[32m3.88 MB[39m
[32mCJS[39m [1mlib\index.js.map [22m[32m7.41 MB[39m
[32mCJS[39m ⚡️ Build success in 347ms
[post-build] Copied templates/ → lib/templates/
